// Jest Snapshot v1, https://jestjs.io/docs/snapshot-testing

exports[`Person profile returns formatted data outputs formatted data 1`] = `
{
  "administration": {
    "entityId": null,
    "name": null,
  },
  "body": null,
  "breadcrumbs": undefined,
  "completeBiography": null,
  "completeBiographyCreate": 1,
  "description": "Director, Audiology and Speech Pathology Program Associate Director for Research, GRECC",
  "emailAddress": null,
  "entityId": 812,
  "entityPath": "/pittsburgh-health-care/staff-profiles/patrick-j-doyle",
  "firstName": "Patrick J.",
  "id": "fe42bc63-0933-40bb-978a-ef951fa75684",
  "introText": null,
  "lastName": "Doyle",
  "lastUpdated": "2019-08-27T17:49:03+00:00",
  "media": {
    "alt": "Patrick J. Doyle",
    "height": 129,
    "id": "5bcbdaee-f93f-4b2f-8af5-963e4a547d93",
    "links": {
      "1_1_square_medium_thumbnail": {
        "href": "http://content-build-medc0xjkxm4jmpzxl3tfbcs7qcddsivh.ci.cms.va.gov/sites/default/files/styles/1_1_square_medium_thumbnail/public/2019-08/pat_doyle_0.jpg?h=46bc4a38",
        "meta": {
          "linkParams": {
            "height": "240",
            "rel": [
              "drupal://jsonapi/extensions/consumer_image_styles/links/relation-types/#derivative",
            ],
            "width": "240",
          },
          "rel": [
            "drupal://jsonapi/extensions/consumer_image_styles/links/relation-types/#derivative",
          ],
        },
      },
      "2_1_large": {
        "href": "http://content-build-medc0xjkxm4jmpzxl3tfbcs7qcddsivh.ci.cms.va.gov/sites/default/files/styles/2_1_large/public/2019-08/pat_doyle_0.jpg",
        "meta": {
          "linkParams": {
            "height": "512",
            "rel": [
              "drupal://jsonapi/extensions/consumer_image_styles/links/relation-types/#derivative",
            ],
            "width": "1024",
          },
          "rel": [
            "drupal://jsonapi/extensions/consumer_image_styles/links/relation-types/#derivative",
          ],
        },
      },
      "2_1_medium_thumbnail": {
        "href": "http://content-build-medc0xjkxm4jmpzxl3tfbcs7qcddsivh.ci.cms.va.gov/sites/default/files/styles/2_1_medium_thumbnail/public/2019-08/pat_doyle_0.jpg",
        "meta": {
          "linkParams": {
            "height": "240",
            "rel": [
              "drupal://jsonapi/extensions/consumer_image_styles/links/relation-types/#derivative",
            ],
            "width": "480",
          },
          "rel": [
            "drupal://jsonapi/extensions/consumer_image_styles/links/relation-types/#derivative",
          ],
        },
      },
      "2_3_medium_thumbnail": {
        "href": "http://content-build-medc0xjkxm4jmpzxl3tfbcs7qcddsivh.ci.cms.va.gov/sites/default/files/styles/2_3_medium_thumbnail/public/2019-08/pat_doyle_0.jpg",
        "meta": {
          "linkParams": {
            "height": "480",
            "rel": [
              "drupal://jsonapi/extensions/consumer_image_styles/links/relation-types/#derivative",
            ],
            "width": "320",
          },
          "rel": [
            "drupal://jsonapi/extensions/consumer_image_styles/links/relation-types/#derivative",
          ],
        },
      },
      "3_2_medium_thumbnail": {
        "href": "http://content-build-medc0xjkxm4jmpzxl3tfbcs7qcddsivh.ci.cms.va.gov/sites/default/files/styles/3_2_medium_thumbnail/public/2019-08/pat_doyle_0.jpg",
        "meta": {
          "linkParams": {
            "height": "320",
            "rel": [
              "drupal://jsonapi/extensions/consumer_image_styles/links/relation-types/#derivative",
            ],
            "width": "480",
          },
          "rel": [
            "drupal://jsonapi/extensions/consumer_image_styles/links/relation-types/#derivative",
          ],
        },
      },
      "7_2_medium_thumbnail": {
        "href": "http://content-build-medc0xjkxm4jmpzxl3tfbcs7qcddsivh.ci.cms.va.gov/sites/default/files/styles/7_2_medium_thumbnail/public/2019-08/pat_doyle_0.jpg",
        "meta": {
          "linkParams": {
            "height": "300",
            "rel": [
              "drupal://jsonapi/extensions/consumer_image_styles/links/relation-types/#derivative",
            ],
            "width": "1050",
          },
          "rel": [
            "drupal://jsonapi/extensions/consumer_image_styles/links/relation-types/#derivative",
          ],
        },
      },
      "full_content_width": {
        "href": "http://content-build-medc0xjkxm4jmpzxl3tfbcs7qcddsivh.ci.cms.va.gov/sites/default/files/styles/full_content_width/public/2019-08/pat_doyle_0.jpg",
        "meta": {
          "linkParams": {
            "height": "129",
            "rel": [
              "drupal://jsonapi/extensions/consumer_image_styles/links/relation-types/#derivative",
            ],
            "width": "100",
          },
          "rel": [
            "drupal://jsonapi/extensions/consumer_image_styles/links/relation-types/#derivative",
          ],
        },
      },
      "large": {
        "href": "http://content-build-medc0xjkxm4jmpzxl3tfbcs7qcddsivh.ci.cms.va.gov/sites/default/files/styles/large/public/2019-08/pat_doyle_0.jpg",
        "meta": {
          "linkParams": {
            "height": "129",
            "rel": [
              "drupal://jsonapi/extensions/consumer_image_styles/links/relation-types/#derivative",
            ],
            "width": "100",
          },
          "rel": [
            "drupal://jsonapi/extensions/consumer_image_styles/links/relation-types/#derivative",
          ],
        },
      },
      "self": {
        "href": "https://content-build-medc0xjkxm4jmpzxl3tfbcs7qcddsivh.ci.cms.va.gov/jsonapi/file/file/5bcbdaee-f93f-4b2f-8af5-963e4a547d93",
      },
      "viewport_width": {
        "href": "http://content-build-medc0xjkxm4jmpzxl3tfbcs7qcddsivh.ci.cms.va.gov/sites/default/files/styles/viewport_width/public/2019-08/pat_doyle_0.jpg",
        "meta": {
          "linkParams": {
            "height": "129",
            "rel": [
              "drupal://jsonapi/extensions/consumer_image_styles/links/relation-types/#derivative",
            ],
            "width": "100",
          },
          "rel": [
            "drupal://jsonapi/extensions/consumer_image_styles/links/relation-types/#derivative",
          ],
        },
      },
    },
    "title": "",
    "type": "media--image",
    "width": 100,
  },
  "menu": {
    "depth": 5,
    "link": {
      "label": "Patrick J. Doyle",
      "links": [],
      "url": {
        "path": "/",
      },
    },
    "parent": {
      "label": "Leadership",
      "links": [],
      "url": {
        "path": "/pittsburgh-health-care/about-us/leadership",
      },
    },
  },
  "metatags": null,
  "moderationState": "published",
  "office": {
    "changed": "2022-08-31T15:49:34+00:00",
    "created": "2019-05-06T03:30:18+00:00",
    "default_langcode": true,
    "drupal_internal__nid": 318,
    "drupal_internal__vid": 679006,
    "field_administration": {
      "id": "87832236-1e54-4ce3-8141-8dec27c8a9a7",
      "resourceIdObjMeta": {
        "drupal_internal__target_id": 12,
      },
      "type": "taxonomy_term--administration",
    },
    "field_appointments_online": true,
    "field_clinical_health_services": [],
    "field_description": "Find a health facility near you at VA Pittsburgh health care, and manage your health online. Our health care teams are deeply experienced and guided by the needs of Veterans, their families, and caregivers.",
    "field_facebook": {
      "options": [],
      "title": "VA Pittsburgh health care Facebook",
      "uri": "https://www.facebook.com/VAPHS",
    },
    "field_flickr": {
      "options": [],
      "title": "VA Pittsburgh health care Flickr",
      "uri": "https://www.flickr.com/photos/vapittsburgh/sets",
    },
    "field_govdelivery_id_emerg": "USVHA_396",
    "field_govdelivery_id_news": "USVHA_94",
    "field_instagram": null,
    "field_intro_text": "At VA Pittsburgh Healthcare System, our health care teams are deeply experienced and guided by the needs of Veterans, their families, and caregivers. Find a health facility near you, and manage your health online. Sign up for community events and updates.",
    "field_media": {
      "id": "de919547-d935-46da-a220-9f0646f2c0e9",
      "resourceIdObjMeta": {
        "drupal_internal__target_id": 57,
      },
      "type": "media--image",
    },
    "field_meta_tags": null,
    "field_operating_status": {
      "options": [],
      "title": "VA Pittsburgh health care operating status",
      "uri": "entity:node/1010",
    },
    "field_other_va_locations": [
      "vc_0211V",
      "vc_0233V",
      "vc_0220V",
      "nca_925",
      "vba_311",
    ],
    "field_related_links": {
      "id": "c47aaf53-cd32-47b7-84af-9c004926b211",
      "resourceIdObjMeta": {
        "drupal_internal__target_id": 3943,
        "target_revision_id": 694430,
      },
      "type": "paragraph--list_of_link_teasers",
    },
    "field_system_menu": {
      "id": "83b58096-0fa0-4e12-895b-6dc58a2b9c88",
      "resourceIdObjMeta": {
        "drupal_internal__target_id": "pittsburgh-health-care",
      },
      "type": "menu--menu",
    },
    "field_twitter": {
      "options": [],
      "title": "VA Pittsburgh health care Twitter",
      "uri": "https://twitter.com/VAPittsburgh",
    },
    "field_va_health_connect_phone": null,
    "field_vamc_ehr_system": "vista",
    "field_vamc_system_official_name": "VA Pittsburgh Healthcare System",
    "id": "2bddb1a7-6fb1-4503-838d-9c2fcb51c46a",
    "langcode": "en",
    "links": {
      "self": {
        "href": "https://content-build-medc0xjkxm4jmpzxl3tfbcs7qcddsivh.ci.cms.va.gov/jsonapi/node/health_care_region_page/2bddb1a7-6fb1-4503-838d-9c2fcb51c46a?resourceVersion=id%3A679006",
      },
    },
    "metatag": null,
    "moderation_state": "published",
    "node_type": {
      "id": "d611ade3-cc27-4359-8af1-6fba3384200f",
      "resourceIdObjMeta": {
        "drupal_internal__target_id": "health_care_region_page",
      },
      "type": "node_type--node_type",
    },
    "path": {
      "alias": "/pittsburgh-health-care",
      "langcode": "en",
      "pid": 503,
    },
    "promote": false,
    "relationshipNames": [
      "node_type",
      "revision_uid",
      "uid",
      "field_administration",
      "field_clinical_health_services",
      "field_media",
      "field_related_links",
      "field_system_menu",
    ],
    "resourceIdObjMeta": {
      "drupal_internal__target_id": 318,
    },
    "revision_log": "Set "System Menu" field accordingly (see va.gov-cms/#9520).",
    "revision_timestamp": "2022-07-18T13:30:31+00:00",
    "revision_translation_affected": true,
    "revision_uid": {
      "id": "183f10f5-b0dc-4a10-9955-cfa65b6f15af",
      "resourceIdObjMeta": {
        "drupal_internal__target_id": 1454,
      },
      "type": "user--user",
    },
    "status": true,
    "sticky": false,
    "title": "VA Pittsburgh health care",
    "type": "node--health_care_region_page",
    "uid": {
      "id": "fd71292f-3dc7-409d-b0e8-500204cb005a",
      "resourceIdObjMeta": {
        "drupal_internal__target_id": 65,
      },
      "type": "user--user",
    },
  },
  "phoneNumber": {
    "entityId": undefined,
    "extension": null,
    "id": undefined,
    "label": "Appointments",
    "number": "800-274-8387",
    "phoneType": "tel",
    "type": undefined,
  },
  "photoAllowHiresDownload": false,
  "published": true,
  "suffix": "Ph.D.",
  "title": "Patrick J. Doyle",
  "type": "node--person_profile",
  "vamcTitle": "VA Pittsburgh health care",
}
`;
