// Jest Snapshot v1, https://goo.gl/fbAQLP

exports[`paragraph--link_teaser formatData outputs formatted data 1`] = `
{
  "additionalHoursInfo": null,
  "appointmentPhoneNumbers": [],
  "apptIntroTextCustom": null,
  "apptIntroTextType": null,
  "contactInfoPhoneNumbers": [
    {
      "entityId": 108757,
      "extension": "33323590",
      "id": "db51eda3-8e6d-4db6-b37a-42df708aee0f",
      "label": "Enrollment and Eligibility Office",
      "number": "304-623-3461",
      "phoneType": "tel",
      "type": "paragraph--phone_number",
    },
  ],
  "emailContacts": [],
  "hours": "2",
  "id": "db17ae15-110c-4fa7-a1ba-d27680eb2c23",
  "officeHours": [
    {
      "all_day": false,
      "comment": "24/7",
      "day": 1,
      "endhours": null,
      "starthours": null,
    },
    {
      "all_day": false,
      "comment": "24/7",
      "day": 2,
      "endhours": null,
      "starthours": null,
    },
    {
      "all_day": false,
      "comment": "24/7",
      "day": 3,
      "endhours": null,
      "starthours": null,
    },
    {
      "all_day": false,
      "comment": "24/7",
      "day": 4,
      "endhours": null,
      "starthours": null,
    },
    {
      "all_day": false,
      "comment": "24/7",
      "day": 5,
      "endhours": null,
      "starthours": null,
    },
    {
      "all_day": false,
      "comment": "24/7",
      "day": 6,
      "endhours": null,
      "starthours": null,
    },
    {
      "all_day": false,
      "comment": "24/7",
      "day": 0,
      "endhours": null,
      "starthours": null,
    },
  ],
  "officeVisits": null,
  "onlineSchedulingAvail": null,
  "serviceLocationAddress": {
    "behavior_settings": [],
    "breadcrumbs": [],
    "content_translation_changed": null,
    "content_translation_outdated": false,
    "content_translation_source": "und",
    "created": "2020-11-24T18:02:21+00:00",
    "default_langcode": true,
    "drupal_internal__id": 22065,
    "drupal_internal__revision_id": 180630,
    "field_address": {
      "address_line1": "",
      "address_line2": null,
      "administrative_area": "",
      "country_code": "US",
      "dependent_locality": null,
      "langcode": null,
      "locality": "",
      "postal_code": "",
      "sorting_code": null,
    },
    "field_building_name_number": null,
    "field_clinic_name": null,
    "field_use_facility_address": true,
    "field_wing_floor_or_room_number": null,
    "id": "e953d9fd-edbf-4b38-9122-6332ab1282ca",
    "langcode": "en",
    "links": {
      "self": {
        "href": "https://content-build-medc0xjkxm4jmpzxl3tfbcs7qcddsivh.ci.cms.va.gov/jsonapi/paragraph/service_location_address/e953d9fd-edbf-4b38-9122-6332ab1282ca?resourceVersion=id%3A180630",
      },
      "working-copy": {
        "href": "https://content-build-medc0xjkxm4jmpzxl3tfbcs7qcddsivh.ci.cms.va.gov/jsonapi/paragraph/service_location_address/e953d9fd-edbf-4b38-9122-6332ab1282ca?resourceVersion=rel%3Aworking-copy",
      },
    },
    "paragraph_type": {
      "id": "bd794386-a382-48d0-84fb-47290c3c1176",
      "resourceIdObjMeta": {
        "drupal_internal__target_id": "service_location_address",
      },
      "type": "paragraphs_type--paragraphs_type",
    },
    "parent_field_name": "field_service_location_address",
    "parent_id": "22066",
    "parent_type": "paragraph",
    "relationshipNames": [
      "paragraph_type",
    ],
    "resourceIdObjMeta": {
      "drupal_internal__target_id": 22065,
      "target_revision_id": 180630,
    },
    "revision_translation_affected": true,
    "status": true,
    "type": "paragraph--service_location_address",
  },
  "type": "paragraph--service_location",
  "useFacilityPhoneNumber": null,
  "useMainFacilityPhone": true,
  "virtualSupport": null,
}
`;
