// Jest Snapshot v1, https://goo.gl/fbAQLP

exports[`VamcSystemVaPolice formatData outputs formatted data 1`] = `
{
  "breadcrumbs": [
    {
      "options": [],
      "title": "Home",
      "uri": "https://content-build-medc0xjkxm4jmpzxl3tfbcs7qcddsivh.ci.cms.va.gov/",
    },
    {
      "options": [],
      "title": "VA Central Arkansas health care",
      "uri": "https://content-build-medc0xjkxm4jmpzxl3tfbcs7qcddsivh.ci.cms.va.gov/central-arkansas-health-care",
    },
    {
      "options": [],
      "title": "About VA Central Arkansas",
      "uri": "internal:#",
    },
    {
      "options": [],
      "title": "VA police",
      "uri": "internal:#",
    },
  ],
  "entityId": 63857,
  "entityPath": "/central-arkansas-health-care/va-police",
  "faqs": {
    "displayAccordion": "1",
    "header": "Other questions you may have about VA police",
    "id": null,
    "intro": [],
    "questions": [
      {
        "answers": [
          {
            "html": "<p>VA police are armed and uniformed federal law enforcement officers. They provide law enforcement and security services to Veterans and their families at VA medical centers and other VA health facilities. Services include crime prevention and investigation, maintaining law and order, vehicle and foot patrols, telecommunication services, and workplace violence prevention.</p>",
            "id": "141565",
            "type": "paragraph--wysiwyg",
          },
        ],
        "id": "141566",
        "question": "What services do VA police provide?",
        "type": "paragraph--q_a",
      },
      {
        "answers": [
          {
            "html": "<p>VA police and local law enforcement work together to respond to crimes that happen on VA property. VA police and local law enforcement partners train together on skills and tactics such as active threat drills, crisis intervention training, disaster response, and more.</p>",
            "id": "141567",
            "type": "paragraph--wysiwyg",
          },
        ],
        "id": "141568",
        "question": "Do VA police work with local law enforcement?",
        "type": "paragraph--q_a",
      },
      {
        "answers": [
          {
            "html": "<p>90% of VA police have a military background. VA police is looking for qualified applicants to join its team. Candidates must have either criminal justice education, experience as a police officer, experience as a military police officer, or a combination of education and experience. Visit USAJOBS to search for current VA police job announcements.</p>

<p><a href="https://www.usajobs.gov/">Go to USAJOBS.gov to search for current VA police job announcements</a></p>

<p>Transitioning service members may be eligible for employment training, internship, and apprenticeship opportunities with VA police through the DOD SkillBridge program. For more information, email <a href="mailto:Skillbridge.vapolice@va.gov">Skillbridge.vapolice@va.gov</a>.</p>

<p><a href="https://skillbridge.osd.mil/">Learn more about the DOD SkillBridge program</a></p>",
            "id": "141569",
            "type": "paragraph--wysiwyg",
          },
        ],
        "id": "141570",
        "question": "Am I eligible to join the VA police force?",
        "type": "paragraph--q_a",
      },
      {
        "answers": [
          {
            "html": "<p>As a part of its mission to “protect those who served,” VA police across the country will begin to use in-car and body-worn cameras by the end of 2023. This policy increases the safety of VA facilities by promoting transparency and accountability.</p>",
            "id": "141571",
            "type": "paragraph--wysiwyg",
          },
        ],
        "id": "141572",
        "question": "Why do VA police wear body-worn cameras?",
        "type": "paragraph--q_a",
      },
      {
        "answers": [
          {
            "html": "<p>VA is committed to protecting the privacy of the Veterans, families, caregivers, and survivors we serve. All local VA privacy officers and VA police officers attend extensive privacy training before officers begin using body-worn cameras.</p>",
            "id": "141573",
            "type": "paragraph--wysiwyg",
          },
        ],
        "id": "141574",
        "question": "How will my privacy be protected?",
        "type": "paragraph--q_a",
      },
    ],
    "type": "paragraph--q_a_section",
  },
  "id": "7833b254-f4e4-4adb-bce1-d72d5e337c1e",
  "lastUpdated": "2023-11-20T02:56:16+00:00",
  "menu": {
    "data": null,
    "rootPath": "/central-arkansas-health-care/va-police/",
  },
  "metatags": [
    {
      "attributes": {
        "content": "VA police | VA Central Arkansas health care | Veterans Affairs",
        "name": "title",
      },
      "tag": "meta",
    },
    {
      "attributes": {
        "content": "VA police officers help make VA medical centers and other VA health facilities safe for Veterans and their family members.",
        "name": "description",
      },
      "tag": "meta",
    },
    {
      "attributes": {
        "content": "Veterans Affairs",
        "property": "og:site_name",
      },
      "tag": "meta",
    },
    {
      "attributes": {
        "content": "VA police | VA Central Arkansas health care | Veterans Affairs",
        "property": "og:title",
      },
      "tag": "meta",
    },
    {
      "attributes": {
        "content": "VA police officers help make VA medical centers and other VA health facilities safe for Veterans and their family members.",
        "property": "og:description",
      },
      "tag": "meta",
    },
    {
      "attributes": {
        "content": "U.S. Department of Veterans Affairs",
        "property": "og:image:alt",
      },
      "tag": "meta",
    },
    {
      "attributes": {
        "content": "summary_large_image",
        "name": "twitter:card",
      },
      "tag": "meta",
    },
    {
      "attributes": {
        "content": "@DeptVetAffairs",
        "name": "twitter:site",
      },
      "tag": "meta",
    },
    {
      "attributes": {
        "content": "VA police | Veterans Affairs",
        "name": "twitter:title",
      },
      "tag": "meta",
    },
    {
      "attributes": {
        "content": "U.S. Department of Veterans Affairs",
        "name": "twitter:image:alt",
      },
      "tag": "meta",
    },
    {
      "attributes": {
        "content": "https://www.va.gov/img/design/logo/va-og-image.png",
        "name": "twitter:image",
      },
      "tag": "meta",
    },
  ],
  "moderationState": "published",
  "path": "/central-arkansas-health-care/va-police",
  "phoneNumber": {
    "extension": "",
    "id": "2bc3cc07-58a2-4d7f-b639-a90e0b890d7b",
    "number": "501-257-6550",
    "phoneType": "tel",
    "type": "paragraph--phone_number",
  },
  "policeOverview": {
    "html": "<p>VA police officers help make VA medical centers and other VA health facilities safe for Veterans and their family members.</p>
",
    "id": "141558",
    "type": "paragraph--wysiwyg",
  },
  "policeReport": {
    "description": "<p>To request a VA police report, you'll need to file a Freedom of Information Act (FOIA) request to your local VA privacy officer.</p>
",
    "id": "",
    "link": {
      "id": "",
      "label": "Learn how to file a FOIA request",
      "type": "paragraph--button",
      "url": "https://department.va.gov/foia/",
    },
    "title": "How to request a VA police report",
    "type": "paragraph--featured_content",
  },
  "published": true,
  "system": "VA Central Arkansas health care",
  "title": "VA police",
  "type": "node--vamc_system_va_police",
}
`;
