// Jest Snapshot v1, https://goo.gl/fbAQLP

exports[`HomePage renders a list of nodes 1`] = `null`;
