// Jest Snapshot v1, https://jestjs.io/docs/snapshot-testing

exports[`node--press_release formatData output formatted data 1`] = `
{
  "address": {
    "administrative_area": "DE",
    "country_code": "US",
    "langcode": null,
    "locality": "Wilmington",
  },
  "administration": {
    "entityId": 188,
    "name": "VA Wilmington health care",
  },
  "breadcrumbs": [
    {
      "options": [],
      "title": "Home",
      "uri": "https://content-build-medc0xjkxm4jmpzxl3tfbcs7qcddsivh.ci.cms.va.gov/",
    },
    {
      "options": [],
      "title": "VA Wilmington health care",
      "uri": "https://content-build-medc0xjkxm4jmpzxl3tfbcs7qcddsivh.ci.cms.va.gov/wilmington-health-care",
    },
    {
      "options": [],
      "title": "News releases",
      "uri": "https://content-build-medc0xjkxm4jmpzxl3tfbcs7qcddsivh.ci.cms.va.gov/wilmington-health-care/news-releases",
    },
    {
      "options": [],
      "title": "Wilmington VAMC 2019 Annual Report",
      "uri": "https://content-build-medc0xjkxm4jmpzxl3tfbcs7qcddsivh.ci.cms.va.gov/wilmington-health-care/news-releases/wilmington-vamc-2019-annual-report",
    },
  ],
  "contacts": [
    {
      "description": "Public Affairs Specialist",
      "email": "test@va.gov",
      "id": "7ecb5154-7e2c-4c16-a171-bb3710a4dab7",
      "name": "Sheila Tunney",
      "numbers": [
        {
          "ext": null,
          "id": "a96f65e2-5a82-4b59-b249-25c634e93108",
          "number": "412-360-1479",
          "type": "phone",
        },
      ],
    },
  ],
  "downloads": [],
  "entityId": 18141,
  "entityPath": "/wilmington-health-care/news-releases/wilmington-vamc-2019-annual-report",
  "fullText": "<p>We invite you to come and read our 2019 Annual Report. </p>",
  "id": "6153ed5b-85c2-4ead-9893-3d656ad5d758",
  "introText": "We invite you to come and read our 2019 Annual Report. ",
  "lastUpdated": "2021-04-12T14:27:39+00:00",
  "listing": "/wilmington-health-care/news-releases",
  "metatags": [
    {
      "attributes": {
        "content": "Wilmington VAMC 2019 Annual Report | VA Wilmington health care | Veterans Affairs",
        "name": "title",
      },
      "tag": "meta",
    },
    {
      "attributes": {
        "content": "We invite you to come and read our 2019 Annual Report.",
        "name": "description",
      },
      "tag": "meta",
    },
    {
      "attributes": {
        "href": "https://www.va.gov/img/design/logo/va-og-image.png",
        "rel": "image_src",
      },
      "tag": "link",
    },
    {
      "attributes": {
        "content": "Veterans Affairs",
        "property": "og:site_name",
      },
      "tag": "meta",
    },
    {
      "attributes": {
        "content": "Wilmington VAMC 2019 Annual Report | VA Wilmington health care | Veterans Affairs",
        "property": "og:title",
      },
      "tag": "meta",
    },
    {
      "attributes": {
        "content": "We invite you to come and read our 2019 Annual Report.",
        "property": "og:description",
      },
      "tag": "meta",
    },
    {
      "attributes": {
        "content": "https://www.va.gov/img/design/logo/va-og-image.png",
        "property": "og:image",
      },
      "tag": "meta",
    },
    {
      "attributes": {
        "content": "U.S. Department of Veterans Affairs",
        "property": "og:image:alt",
      },
      "tag": "meta",
    },
    {
      "attributes": {
        "content": "summary_large_image",
        "name": "twitter:card",
      },
      "tag": "meta",
    },
    {
      "attributes": {
        "content": "We invite you to come and read our 2019 Annual Report.",
        "name": "twitter:description",
      },
      "tag": "meta",
    },
    {
      "attributes": {
        "content": "@DeptVetAffairs",
        "name": "twitter:site",
      },
      "tag": "meta",
    },
    {
      "attributes": {
        "content": "Wilmington VAMC 2019 Annual Report | VA Wilmington health care | Veterans Affairs",
        "name": "twitter:title",
      },
      "tag": "meta",
    },
    {
      "attributes": {
        "content": "https://www.va.gov/img/design/logo/va-og-image.png",
        "name": "twitter:image",
      },
      "tag": "meta",
    },
    {
      "attributes": {
        "content": "U.S. Department of Veterans Affairs",
        "name": "twitter:image:alt",
      },
      "tag": "meta",
    },
  ],
  "moderationState": "draft",
  "pdfVersion": "/sites/default/files/2021-04/WilmingtonVAMC_Annual_Report_2019_web.pdf",
  "published": false,
  "releaseDate": "2020-06-19T10:25:28-04:00",
  "title": "Wilmington VAMC 2019 Annual Report",
  "type": "node--press_release",
}
`;
