// Jest Snapshot v1, https://jestjs.io/docs/snapshot-testing

exports[`paragraph--email_contact formatData outputs formatted data 1`] = `
{
  "address": "test@va.gov",
  "entityId": 22114,
  "id": "98ed3deb-c8a4-4b19-b5d7-c6215877a567",
  "label": "Minority Veterans Program",
  "type": "paragraph--email_contact",
}
`;
