// Jest Snapshot v1, https://jestjs.io/docs/snapshot-testing

exports[`QaParagraph formatData outputs formatted data 1`] = `
{
  "answers": [
    {
      "html": "<p>asdfasdf</p>",
      "id": "f6dfd8da-877f-46bd-9707-28861c27003e",
      "type": "paragraph--wysiwyg",
    },
  ],
  "id": "66125704-adec-474c-a47c-be2968a1f84a",
  "question": "asdf",
  "type": "paragraph--q_a",
}
`;
