// Jest Snapshot v1, https://jestjs.io/docs/snapshot-testing

exports[`BenefitsDetailPage formatter outputs formatted data with correct structure 1`] = `
{
  "administration": {
    "entityId": 1,
    "name": "Veterans Benefits Administration",
  },
  "alert": null,
  "breadcrumbs": [
    {
      "options": [],
      "title": "Home",
      "uri": "http://va-gov-cms.ddev.site/",
    },
    {
      "options": [],
      "title": "Check Your VA Claim or Appeal Status",
      "uri": "http://va-gov-cms.ddev.site/check-your-va-claim-or-appeal-status",
    },
  ],
  "contentBlock": [
    {
      "html": "<h2 id="how-to-check-your-va-claim-or-appeal-status-online">How to check your VA claim or appeal status online</h2><p>Sign in to VA.gov to check the status of your VA claim or appeal.</p>",
      "id": "b871d67e-44a1-45d7-a3c9-948795c0b10d",
      "type": "paragraph--wysiwyg",
    },
  ],
  "description": "Find out how to check the status of a VA claim or appeal online.",
  "entityId": 298,
  "entityPath": "/check-your-va-claim-or-appeal-status",
  "featuredContent": [
    {
      "html": "<h3>What you need to know</h3><p>You can check the status of your disability claim online.</p>",
      "id": "07b2ad1b-9b94-464a-8961-3ca73e84c8aa",
      "type": "paragraph--wysiwyg",
    },
  ],
  "id": "27aaaef6-0c67-4639-b7d7-84cb3c124cff",
  "introText": "<p>Find out how to check the status of a VA claim or appeal online.</p>
",
  "lastUpdated": "2020-04-30T20:11:16+00:00",
  "metatags": undefined,
  "moderationState": "published",
  "published": true,
  "relatedLinks": null,
  "showTableOfContents": true,
  "title": "Check Your VA Claim or Appeal Status",
  "type": "node--page",
}
`;
