// Jest Snapshot v1, https://jestjs.io/docs/snapshot-testing

exports[`Media image returns formatted data outputs formatted data 1`] = `
{
  "alt": null,
  "height": 304,
  "id": "e638fd17-9090-442b-a724-5113133b4d0f",
  "links": {
    "1_1_square_medium_thumbnail": {
      "href": "http://content-build-medc0xjkxm4jmpzxl3tfbcs7qcddsivh.ci.cms.va.gov/sites/default/files/styles/1_1_square_medium_thumbnail/public/hub_promos/health-care.png",
      "meta": {
        "linkParams": {
          "height": "240",
          "rel": [
            "drupal://jsonapi/extensions/consumer_image_styles/links/relation-types/#derivative",
          ],
          "width": "240",
        },
        "rel": [
          "drupal://jsonapi/extensions/consumer_image_styles/links/relation-types/#derivative",
        ],
      },
    },
    "2_1_large": {
      "href": "http://content-build-medc0xjkxm4jmpzxl3tfbcs7qcddsivh.ci.cms.va.gov/sites/default/files/styles/2_1_large/public/hub_promos/health-care.png",
      "meta": {
        "linkParams": {
          "height": "512",
          "rel": [
            "drupal://jsonapi/extensions/consumer_image_styles/links/relation-types/#derivative",
          ],
          "width": "1024",
        },
        "rel": [
          "drupal://jsonapi/extensions/consumer_image_styles/links/relation-types/#derivative",
        ],
      },
    },
    "2_1_medium_thumbnail": {
      "href": "http://content-build-medc0xjkxm4jmpzxl3tfbcs7qcddsivh.ci.cms.va.gov/sites/default/files/styles/2_1_medium_thumbnail/public/hub_promos/health-care.png",
      "meta": {
        "linkParams": {
          "height": "240",
          "rel": [
            "drupal://jsonapi/extensions/consumer_image_styles/links/relation-types/#derivative",
          ],
          "width": "480",
        },
        "rel": [
          "drupal://jsonapi/extensions/consumer_image_styles/links/relation-types/#derivative",
        ],
      },
    },
    "2_3_medium_thumbnail": {
      "href": "http://content-build-medc0xjkxm4jmpzxl3tfbcs7qcddsivh.ci.cms.va.gov/sites/default/files/styles/2_3_medium_thumbnail/public/hub_promos/health-care.png",
      "meta": {
        "linkParams": {
          "height": "480",
          "rel": [
            "drupal://jsonapi/extensions/consumer_image_styles/links/relation-types/#derivative",
          ],
          "width": "320",
        },
        "rel": [
          "drupal://jsonapi/extensions/consumer_image_styles/links/relation-types/#derivative",
        ],
      },
    },
    "3_2_medium_thumbnail": {
      "href": "http://content-build-medc0xjkxm4jmpzxl3tfbcs7qcddsivh.ci.cms.va.gov/sites/default/files/styles/3_2_medium_thumbnail/public/hub_promos/health-care.png",
      "meta": {
        "linkParams": {
          "height": "320",
          "rel": [
            "drupal://jsonapi/extensions/consumer_image_styles/links/relation-types/#derivative",
          ],
          "width": "480",
        },
        "rel": [
          "drupal://jsonapi/extensions/consumer_image_styles/links/relation-types/#derivative",
        ],
      },
    },
    "7_2_medium_thumbnail": {
      "href": "http://content-build-medc0xjkxm4jmpzxl3tfbcs7qcddsivh.ci.cms.va.gov/sites/default/files/styles/7_2_medium_thumbnail/public/hub_promos/health-care.png",
      "meta": {
        "linkParams": {
          "height": "300",
          "rel": [
            "drupal://jsonapi/extensions/consumer_image_styles/links/relation-types/#derivative",
          ],
          "width": "1050",
        },
        "rel": [
          "drupal://jsonapi/extensions/consumer_image_styles/links/relation-types/#derivative",
        ],
      },
    },
    "full_content_width": {
      "href": "http://content-build-medc0xjkxm4jmpzxl3tfbcs7qcddsivh.ci.cms.va.gov/sites/default/files/styles/full_content_width/public/hub_promos/health-care.png",
      "meta": {
        "linkParams": {
          "height": "304",
          "rel": [
            "drupal://jsonapi/extensions/consumer_image_styles/links/relation-types/#derivative",
          ],
          "width": "456",
        },
        "rel": [
          "drupal://jsonapi/extensions/consumer_image_styles/links/relation-types/#derivative",
        ],
      },
    },
    "large": {
      "href": "http://content-build-medc0xjkxm4jmpzxl3tfbcs7qcddsivh.ci.cms.va.gov/sites/default/files/styles/large/public/hub_promos/health-care.png",
      "meta": {
        "linkParams": {
          "height": "304",
          "rel": [
            "drupal://jsonapi/extensions/consumer_image_styles/links/relation-types/#derivative",
          ],
          "width": "456",
        },
        "rel": [
          "drupal://jsonapi/extensions/consumer_image_styles/links/relation-types/#derivative",
        ],
      },
    },
    "self": {
      "href": "https://content-build-medc0xjkxm4jmpzxl3tfbcs7qcddsivh.ci.cms.va.gov/jsonapi/file/file/e638fd17-9090-442b-a724-5113133b4d0f",
    },
    "viewport_width": {
      "href": "http://content-build-medc0xjkxm4jmpzxl3tfbcs7qcddsivh.ci.cms.va.gov/sites/default/files/styles/viewport_width/public/hub_promos/health-care.png",
      "meta": {
        "linkParams": {
          "height": "304",
          "rel": [
            "drupal://jsonapi/extensions/consumer_image_styles/links/relation-types/#derivative",
          ],
          "width": "456",
        },
        "rel": [
          "drupal://jsonapi/extensions/consumer_image_styles/links/relation-types/#derivative",
        ],
      },
    },
  },
  "title": null,
  "type": "media--image",
  "width": 456,
}
`;
