// Jest Snapshot v1, https://goo.gl/fbAQLP

exports[`Banners return formatted data outputs formatted data 1`] = `
Array [
  Object {
    "alertType": "warning",
    "body": Object {
      "format": "rich_text_limited",
      "processed": "<p><strong>Natural disaster affecting your area:</strong> Use the <a href=\\"https://www.va.gov/find-locations\\">Find VA locations tool</a> to check the status and operating hours of your local VA facility.</p>
<p><strong>Coronavirus information:</strong> To get the latest updates and sign up to stay informed about COVID-19 vaccines, visit our <a href=\\"https://www.va.gov/health-care/covid-19-vaccine/\\">vaccine information page</a>. </p>
",
      "summary": "",
      "value": "<p><strong>Natural disaster affecting your area:</strong>&nbsp;Use the&nbsp;<a href=\\"https://www.va.gov/find-locations\\">Find VA locations tool</a>&nbsp;to check the status and operating hours of your local VA facility.</p>

<p><strong>Coronavirus information:</strong>&nbsp;To get the latest updates and sign up to stay informed about COVID-19 vaccines, visit our&nbsp;<a href=\\"https://www.va.gov/health-care/covid-19-vaccine/\\">vaccine information page</a>.&nbsp;</p>
",
    },
    "dismiss": true,
    "id": "6a273106-acfa-4615-91d4-6209d5af6bc4",
    "title": "VA facility and status updates",
    "type": "node--banner",
  },
  Object {
    "alertType": "announcement",
    "href": "entity:node/47278",
    "id": "ca11d747-65c8-4c10-adf2-2117726b0afb",
    "title": "Learn what the PACT Act means for your VA benefits",
    "type": "node--promo_banner",
  },
  Object {
    "alertType": "information",
    "bannerAlertVacms": Array [
      Object {
        "id": "8822bbdd-f5f8-4700-8abb-5566431bd705",
        "resourceIdObjMeta": Object {
          "drupal_internal__target_id": 1010,
        },
        "type": "node--vamc_operating_status_and_alerts",
      },
    ],
    "body": Object {
      "format": "rich_text",
      "processed": "<p><strong>IMPORTANT UPDATES FROM VA PITTSBURGH</strong></p>

<p>In-person visitation for COVID-negative inpatients at University Drive is limited to two visitors per patient during specified hours. Outpatients can bring a support person to clinic appointments and procedures. We require all entrants to wear a VA-provided procedure mask. For more information, please see <a href=\\"https://gcc02.safelinks.protection.outlook.com/?url=https%3A%2F%2Fwww.va.gov%2Fpittsburgh-health-care%2Foperating-status%2F&amp;data=04%7C01%7C%7C98a2764fa768480e295f08d9e5b0a0d9%7Ce95f1b23abaf45ee821db7ab251ab3bf%7C0%7C0%7C637793369034143792%7CUnknown%7CTWFpbGZsb3d8eyJWIjoiMC4wLjAwMDAiLCJQIjoiV2luMzIiLCJBTiI6Ik1haWwiLCJXVCI6Mn0%3D%7C3000&amp;sdata=238BicloaB08fgpaagfUeVV24lrJoSQpAXEFZCaLbBs%3D&amp;reserved=0\\">Operating Status</a>. Contact us before you visit: For some needs, we may be able to provide care by phone or video.</p>

<p><strong>COVID-19 Vaccines at VA Pittsburgh:</strong> For information on vaccine eligibility and availability at our medical campuses and outpatient clinics, please see <a href=\\"https://www.va.gov/pittsburgh-health-care/covid-19-vaccines/\\">VAPHS COVID-19 Vaccines</a>.</p>

<p><strong>COVID-19 Emergency Department care:</strong> To ensure we can prioritize treatment for Veterans most in need of emergency COVID-19 care, do not report to our Emergency Department for COVID-19 treatment unless you have trouble breathing or severe symptoms. Do not report to our Emergency Department for COVID-19 treatment/testing if you have mild or no symptoms. <strong>Do not walk-in for non-emergency care:</strong> To schedule an appointment, call 412-822-3000 or send a secure message to your provider via MyHealtheVet at myhealth.va.gov.</p>

<p><strong>COVID-19 testing:</strong> COVID-19 testing is by appointment only. If you have a sore throat, dry cough, shortness of breath or fever, call 412-360-6000 and select option #3 to speak to a nurse before visiting our facilities or to schedule an appointment for testing at University Drive.</p>

<p><strong>For the latest coronavirus information: </strong>Visit <a href=\\"https://www.cdc.gov/coronavirus/2019-ncov/\\">CDC: What you Need to Know</a></p>

<p><strong>For VA-specific information:</strong> Visit <a href=\\"https://www.va.gov/health-care/covid-19-vaccine/\\">COVID-19 Vaccines at VA</a>, use VA’s <a href=\\"https://www.va.gov/coronavirus-chatbot/\\">Coronavirus Chatbot</a> or read <a href=\\"https://www.va.gov/coronavirus-veteran-frequently-asked-questions/\\">Coronavirus FAQs</a> and <a href=\\"https://www.publichealth.va.gov/n-coronavirus/\\">Novel Coronavirus Disease (COVID-19)</a>.         </p>",
      "value": "<p><strong>IMPORTANT UPDATES FROM VA PITTSBURGH</strong></p>

<p>In-person visitation for COVID-negative inpatients at University Drive is limited to two visitors per patient during specified hours. Outpatients can bring a support person to clinic appointments and procedures. We require all entrants to wear a VA-provided procedure mask.&nbsp;For more information, please see&nbsp;<a href=\\"https://gcc02.safelinks.protection.outlook.com/?url=https%3A%2F%2Fwww.va.gov%2Fpittsburgh-health-care%2Foperating-status%2F&amp;data=04%7C01%7C%7C98a2764fa768480e295f08d9e5b0a0d9%7Ce95f1b23abaf45ee821db7ab251ab3bf%7C0%7C0%7C637793369034143792%7CUnknown%7CTWFpbGZsb3d8eyJWIjoiMC4wLjAwMDAiLCJQIjoiV2luMzIiLCJBTiI6Ik1haWwiLCJXVCI6Mn0%3D%7C3000&amp;sdata=238BicloaB08fgpaagfUeVV24lrJoSQpAXEFZCaLbBs%3D&amp;reserved=0\\">Operating Status</a>. Contact us before you visit: For some needs, we may be able to provide care by phone or video.</p>

<p><strong>COVID-19 Vaccines at VA Pittsburgh:</strong> For information on vaccine eligibility and availability at our medical campuses and outpatient clinics, please see <a href=\\"https://www.va.gov/pittsburgh-health-care/covid-19-vaccines/\\">VAPHS COVID-19 Vaccines</a>.</p>

<p><strong>COVID-19 Emergency Department care:</strong> To ensure we can prioritize treatment for Veterans most in need of emergency COVID-19 care, do not report to our Emergency Department for COVID-19 treatment unless you have trouble breathing or severe symptoms. Do not report to our Emergency Department for COVID-19 treatment/testing if you have mild or no symptoms.&nbsp;<strong>Do not walk-in for non-emergency care:</strong> To schedule an appointment, call 412-822-3000 or send a secure message to your provider via MyHealtheVet at myhealth.va.gov.</p>

<p><strong>COVID-19 testing:</strong> COVID-19 testing is by appointment only. If you have a sore throat, dry cough, shortness of breath or fever, call 412-360-6000 and select option #3 to speak to a nurse before visiting our facilities or to schedule an appointment for testing at University Drive.</p>

<p><strong>For the latest coronavirus information: </strong>Visit <a href=\\"https://www.cdc.gov/coronavirus/2019-ncov/\\">CDC: What you Need to Know</a></p>

<p><strong>For VA-specific information:</strong> Visit <a href=\\"https://www.va.gov/health-care/covid-19-vaccine/\\">COVID-19 Vaccines at VA</a>, use VA’s <a href=\\"https://www.va.gov/coronavirus-chatbot/\\">Coronavirus Chatbot</a> or read <a href=\\"https://www.va.gov/coronavirus-veteran-frequently-asked-questions/\\">Coronavirus FAQs</a> and <a href=\\"https://www.publichealth.va.gov/n-coronavirus/\\">Novel Coronavirus Disease (COVID-19)</a>.&nbsp; &nbsp; &nbsp; &nbsp; &nbsp;</p>
",
    },
    "dismiss": true,
    "id": "ccd9d30f-78f9-4358-80d7-191f99b18d43",
    "inheritanceSubpages": false,
    "operatingStatus": true,
    "path": "/va-pittsburgh-health-care/vamc-banner-alert/2021-01-08/help-limit-the-spread-of-covid-19-and-other",
    "title": "Help Limit the Spread of COVID-19 and other Illnesses",
    "type": "node--full_width_banner_alert",
  },
  Object {
    "alertType": "announcement",
    "href": "entity:node/47278",
    "id": "ca11d747-65c8-4c10-adf2-2117726b0afb",
    "title": "Learn what the PACT Act means for your VA benefits",
    "type": "node--promo_banner",
  },
]
`;
