// Jest Snapshot v1, https://goo.gl/fbAQLP

exports[`node--press_releaseTeaser formatData outputs formatted data 1`] = `
{
  "headingLevel": "h2",
  "id": "6153ed5b-85c2-4ead-9893-3d656ad5d758",
  "introText": "We invite you to come and read our 2019 Annual Report. ",
  "lastUpdated": "2021-04-12T14:25:27+00:00",
  "link": "/wilmington-health-care/news-releases/wilmington-vamc-2019-annual-report",
  "published": false,
  "title": "Wilmington VAMC 2019 Annual Report",
  "type": "node--press_release",
}
`;
