// Jest Snapshot v1, https://goo.gl/fbAQLP

exports[`QaParagraph formatData outputs formatted data 1`] = `
{
  "answers": [
    {
      "format": "rich_text",
      "processed": "<p>asdfasdf</p>",
      "value": "<p>asdfasdf</p>
",
    },
  ],
  "question": "asdf",
}
`;
