// Jest Snapshot v1, https://goo.gl/fbAQLP

exports[`node--event_listing formatData outputs formatted data 1`] = `
{
  "breadcrumbs": [
    {
      "options": [],
      "title": "Home",
      "uri": "https://va-gov-cms.ddev.site/",
    },
    {
      "options": [],
      "title": "VA Wilkes-Barre health care",
      "uri": "https://va-gov-cms.ddev.site/wilkes-barre-health-care",
    },
    {
      "options": [],
      "title": "News and events",
      "uri": "internal:#",
    },
    {
      "options": [],
      "title": "Events",
      "uri": "internal:#",
    },
  ],
  "entityId": 3036,
  "entityPath": "/wilkes-barre-health-care/events",
  "events": [
    {
      "changed": "2023-08-16T15:20:30+00:00",
      "entityBundle": "node--event",
      "entityId": "16349f16-be65-46e3-9660-1d3d598a4a0b",
      "entityPublished": true,
      "entityUrl": {
        "path": "/central-iowa-health-care/events/52265",
      },
      "fieldAdditionalInformationAbo": null,
      "fieldAdditionalListings": null,
      "fieldAddress": {
        "addressLine1": "9000 Douglas Ave",
        "addressLine2": null,
        "administrativeArea": "IA",
        "countryCode": "US",
        "locality": "Urbandale",
        "postalCode": null,
      },
      "fieldAdministration": {
        "entity": {
          "entityId": "3a530a55-e922-48de-b18c-9c9f92a9ae98",
        },
      },
      "fieldBody": {
        "format": "rich_text",
        "processed": "<p>Pickleball Club</p>

<p>Meets Thursdays from 9 to 11 a.m.Â </p>

<p>Contact Kay Queck (515) 214-4578</p>",
        "value": "<p>Pickleball Club</p>

<p>Meets Thursdays from 9 to 11 a.m.&nbsp;</p>

<p>Contact Kay Queck (515) 214-4578</p>
",
      },
      "fieldCtaEmail": "test@va.gov",
      "fieldDatetimeRangeTimezone": [
        {
          "duration": 120,
          "endTime": "2023-09-07T16:00:00+00:00",
          "endValue": 1694102400,
          "end_value": "2023-09-07T16:00:00+00:00",
          "rrule": 180,
          "rrule_index": 1,
          "startTime": "2023-09-07T14:00:00+00:00",
          "timezone": "America/Chicago",
          "value": 1694095200,
        },
        {
          "duration": 120,
          "endTime": "2023-09-14T16:00:00+00:00",
          "endValue": 1694707200,
          "end_value": "2023-09-14T16:00:00+00:00",
          "rrule": 180,
          "rrule_index": 2,
          "startTime": "2023-09-14T14:00:00+00:00",
          "timezone": "America/Chicago",
          "value": 1694700000,
        },
      ],
      "fieldDescription": "Pickleball ",
      "fieldEventCost": "Free",
      "fieldEventCta": null,
      "fieldEventRegistrationrequired": false,
      "fieldFacilityLocation": null,
      "fieldFeatured": false,
      "fieldHowToSignUp": "email",
      "fieldLink": null,
      "fieldListing": {
        "entity": {
          "entityId": "55cb823c-df6d-4f77-814d-6024e08cd4f6",
        },
      },
      "fieldLocationHumanreadable": "Walker Johnston Park",
      "fieldLocationType": "non_facility",
      "fieldOrder": null,
      "fieldUrlOfAnOnlineEvent": null,
      "title": "Pickleball Club",
    },
  ],
  "id": "4c24a406-37dc-4709-9ba7-24f430973cfb",
  "introText": "Learn more about events in our VA Wilkes-Barre health care community, including classes on health and wellness.",
  "lastUpdated": "2021-02-11T16:15:01+00:00",
  "menu": {
    "data": null,
    "rootPath": "/wilkes-barre-health-care/events/",
  },
  "metatags": [
    {
      "attributes": {
        "content": "Events | VA Wilkes-Barre health care | Veterans Affairs",
        "name": "title",
      },
      "tag": "meta",
    },
    {
      "attributes": {
        "content": "Learn more about events in our VA Wilkes-Barre health care community, including classes on health and wellness.",
        "name": "description",
      },
      "tag": "meta",
    },
    {
      "attributes": {
        "href": "https://www.va.gov/img/design/logo/va-og-image.png",
        "rel": "image_src",
      },
      "tag": "link",
    },
    {
      "attributes": {
        "content": "Veterans Affairs",
        "property": "og:site_name",
      },
      "tag": "meta",
    },
    {
      "attributes": {
        "content": "Events | Veterans Affairs",
        "property": "og:title",
      },
      "tag": "meta",
    },
    {
      "attributes": {
        "content": "Learn more about events in our VA Wilkes-Barre health care community, including classes on health and wellness.",
        "property": "og:description",
      },
      "tag": "meta",
    },
    {
      "attributes": {
        "content": "https://www.va.gov/img/design/logo/va-og-image.png",
        "property": "og:image",
      },
      "tag": "meta",
    },
    {
      "attributes": {
        "content": "U.S. Department of Veterans Affairs",
        "property": "og:image:alt",
      },
      "tag": "meta",
    },
    {
      "attributes": {
        "content": "summary_large_image",
        "name": "twitter:card",
      },
      "tag": "meta",
    },
    {
      "attributes": {
        "content": "Learn more about events in our VA Wilkes-Barre health care community, including classes on health and wellness.",
        "name": "twitter:description",
      },
      "tag": "meta",
    },
    {
      "attributes": {
        "content": "Events | VA Wilkes-Barre health care | Veterans Affairs",
        "name": "twitter:title",
      },
      "tag": "meta",
    },
    {
      "attributes": {
        "content": "@DeptVetAffairs",
        "name": "twitter:site",
      },
      "tag": "meta",
    },
    {
      "attributes": {
        "content": "https://www.va.gov/img/design/logo/va-og-image.png",
        "name": "twitter:image",
      },
      "tag": "meta",
    },
    {
      "attributes": {
        "content": "U.S. Department of Veterans Affairs",
        "name": "twitter:image:alt",
      },
      "tag": "meta",
    },
  ],
  "moderationState": "published",
  "published": true,
  "title": "Events",
  "totalItems": 1,
  "totalPages": 1,
  "type": "node--event_listing",
}
`;
