// Jest Snapshot v1, https://jestjs.io/docs/snapshot-testing

exports[`paragraph--expandable_text formatData outputs formatted data 1`] = `
{
  "entityId": 2824,
  "header": "Show more",
  "id": "e422fb0a-e050-4941-8192-b05c7055e5c0",
  "text": "If you need support for a specific mental health problem—or if you’re having problems sleeping, controlling your anger, or readjusting to civilian life—you are not alone. And we can help.

**To access free VA mental health services right away:**
- **Call or walk in to any VA medical center**—anytime, day or night. <br /><a href="https://www.va.gov/find-locations/?zoomLevel=4&amp;page=1&amp;address=&amp;facilityType=health&amp;serviceType">Find your nearest VA health facility</a>
- **Call or walk in to any Vet Center** during clinic hours. <br /><a href="https://www.va.gov/find-locations/?zoomLevel=4&amp;page=1&amp;address=&amp;facilityType=health&amp;serviceType">Find your nearest Vet Center</a>
- **Call us at 1-877-222-VETS (<a href="tel:+18772228387">1-877-222-8387</a>).** We’re here Monday through Friday, 8:00 a.m. to 8:00 p.m. ET. If you have hearing loss, call TTY: 1-800-877-8339.

You don’t need to be enrolled in VA health care to get care.

**To connect with other resources for Veterans and transitioning service members:**
- <a href="https://www.militaryonesource.mil/">Visit the Department of Defense (DoD) Military OneSource website</a>
- <a href="https://www.mentalhealth.va.gov/transitioning-service/programs.asp">Visit our mental health site for transitioning service members</a>
- <a href="https://www.whitehouse.gov/presidential-actions/presidential-executive-order-supporting-veterans-transition-uniformed-service-civilian-life/">Read about our commitment to supporting transitioning Veterans</a>",
  "type": "paragraph--expandable_text",
}
`;
